ARM Linker, 5.03 [Build 76] [MDK-ARM Lite]

==============================================================================

Section Cross References

    startup.o(RESET) refers to startup.o(STACK) for StackMem
    startup.o(RESET) refers to entry.o(.ARM.Collect$$$$00000000) for __main
    entry.o(.ARM.Collect$$$$00000000) refers (Special) to entry10a.o(.ARM.Collect$$$$0000000D) for __rt_final_cpp
    entry.o(.ARM.Collect$$$$00000000) refers (Special) to entry11a.o(.ARM.Collect$$$$0000000F) for __rt_final_exit
    entry.o(.ARM.Collect$$$$00000000) refers (Special) to entry7b.o(.ARM.Collect$$$$00000008) for _main_clock
    entry.o(.ARM.Collect$$$$00000000) refers (Special) to entry8b.o(.ARM.Collect$$$$0000000A) for _main_cpp_init
    entry.o(.ARM.Collect$$$$00000000) refers (Special) to entry9a.o(.ARM.Collect$$$$0000000B) for _main_init
    entry.o(.ARM.Collect$$$$00000000) refers (Special) to entry5.o(.ARM.Collect$$$$00000004) for _main_scatterload
    entry.o(.ARM.Collect$$$$00000000) refers (Special) to entry2.o(.ARM.Collect$$$$00000001) for _main_stk
    entry2.o(.ARM.Collect$$$$00000001) refers to entry2.o(.ARM.Collect$$$$00002712) for __lit__00000000
    entry2.o(.ARM.Collect$$$$00002712) refers to startup.o(STACK) for __initial_sp
    entry2.o(__vectab_stack_and_reset_area) refers to startup.o(STACK) for __initial_sp
    entry2.o(__vectab_stack_and_reset_area) refers to entry.o(.ARM.Collect$$$$00000000) for __main
    entry5.o(.ARM.Collect$$$$00000004) refers to init.o(.text) for __scatterload
    entry9a.o(.ARM.Collect$$$$0000000B) refers to tm4c_slave_spi.o(.text) for main
    entry9b.o(.ARM.Collect$$$$0000000C) refers to tm4c_slave_spi.o(.text) for main
    init.o(.text) refers to entry5.o(.ARM.Collect$$$$00000004) for __main_after_scatterload


==============================================================================

Removing Unused input sections from the image.

    Removing startup.o(HEAP), (0 bytes).
    Removing startup.o(.text), (28 bytes).

2 unused section(s) (total 28 bytes) removed from the image.

==============================================================================

Image Symbol Table

    Local Symbols

    Symbol Name                              Value     Ov Type        Size  Object(Section)

    RESET                                    0x00000000   Section      280  startup.o(RESET)
    ../clib/microlib/init/entry.s            0x00000000   Number         0  entry8a.o ABSOLUTE
    ../clib/microlib/init/entry.s            0x00000000   Number         0  entry9a.o ABSOLUTE
    ../clib/microlib/init/entry.s            0x00000000   Number         0  entry7a.o ABSOLUTE
    ../clib/microlib/init/entry.s            0x00000000   Number         0  entry7b.o ABSOLUTE
    ../clib/microlib/init/entry.s            0x00000000   Number         0  entry8b.o ABSOLUTE
    ../clib/microlib/init/entry.s            0x00000000   Number         0  entry.o ABSOLUTE
    ../clib/microlib/init/entry.s            0x00000000   Number         0  entry11b.o ABSOLUTE
    ../clib/microlib/init/entry.s            0x00000000   Number         0  entry11a.o ABSOLUTE
    ../clib/microlib/init/entry.s            0x00000000   Number         0  entry2.o ABSOLUTE
    ../clib/microlib/init/entry.s            0x00000000   Number         0  entry10b.o ABSOLUTE
    ../clib/microlib/init/entry.s            0x00000000   Number         0  entry10a.o ABSOLUTE
    ../clib/microlib/init/entry.s            0x00000000   Number         0  entry9b.o ABSOLUTE
    ../clib/microlib/init/entry.s            0x00000000   Number         0  entry5.o ABSOLUTE
    Startup.s                                0x00000000   Number         0  startup.o ABSOLUTE
    TM4C_Slave_SPI.c                         0x00000000   Number         0  tm4c_slave_spi.o ABSOLUTE
    dc.s                                     0x00000000   Number         0  dc.o ABSOLUTE
    handlers.s                               0x00000000   Number         0  handlers.o ABSOLUTE
    init.s                                   0x00000000   Number         0  init.o ABSOLUTE
    .ARM.Collect$$$$00000000                 0x00000118   Section        0  entry.o(.ARM.Collect$$$$00000000)
    .ARM.Collect$$$$00000001                 0x00000118   Section        4  entry2.o(.ARM.Collect$$$$00000001)
    .ARM.Collect$$$$00000004                 0x0000011c   Section        4  entry5.o(.ARM.Collect$$$$00000004)
    .ARM.Collect$$$$00000008                 0x00000120   Section        0  entry7b.o(.ARM.Collect$$$$00000008)
    .ARM.Collect$$$$0000000A                 0x00000120   Section        0  entry8b.o(.ARM.Collect$$$$0000000A)
    .ARM.Collect$$$$0000000B                 0x00000120   Section        8  entry9a.o(.ARM.Collect$$$$0000000B)
    .ARM.Collect$$$$0000000D                 0x00000128   Section        0  entry10a.o(.ARM.Collect$$$$0000000D)
    .ARM.Collect$$$$0000000F                 0x00000128   Section        0  entry11a.o(.ARM.Collect$$$$0000000F)
    .ARM.Collect$$$$00002712                 0x00000128   Section        4  entry2.o(.ARM.Collect$$$$00002712)
    __lit__00000000                          0x00000128   Data           4  entry2.o(.ARM.Collect$$$$00002712)
    .text                                    0x0000012c   Section        0  tm4c_slave_spi.o(.text)
    .text                                    0x000002d0   Section       36  init.o(.text)
    i.__scatterload_copy                     0x000002f4   Section       14  handlers.o(i.__scatterload_copy)
    i.__scatterload_null                     0x00000302   Section        2  handlers.o(i.__scatterload_null)
    i.__scatterload_zeroinit                 0x00000304   Section       14  handlers.o(i.__scatterload_zeroinit)
    STACK                                    0x20000000   Section     1024  startup.o(STACK)
    StackMem                                 0x20000000   Data           0  startup.o(STACK)

    Global Symbols

    Symbol Name                              Value     Ov Type        Size  Object(Section)

    BuildAttributes$$THM_ISAv4$P$D$K$B$S$PE$A:L22UL41UL21$X:L11$S22US41US21$IEEE1$IW$USESV6$~STKCKD$USESV7$~SHL$OSPACE$EBA8$MICROLIB$REQ8$PRES8$EABIv2 0x00000000   Number         0  anon$$obj.o ABSOLUTE
    __ARM_use_no_argv                        0x00000000   Number         0  tm4c_slave_spi.o ABSOLUTE
    __Vectors                                0x00000000   Data           0  startup.o(RESET)
    __cpp_initialize__aeabi_                  - Undefined Weak Reference
    __cxa_finalize                            - Undefined Weak Reference
    __decompress                              - Undefined Weak Reference
    _clock_init                               - Undefined Weak Reference
    _microlib_exit                            - Undefined Weak Reference
    Reset_Handler                            0x00000101   Thumb Code     0  startup.o(RESET)
    NMI_Handler                              0x00000105   Thumb Code     2  startup.o(RESET)
    HardFault_Handler                        0x00000107   Thumb Code     2  startup.o(RESET)
    MemManage_Handler                        0x00000109   Thumb Code     2  startup.o(RESET)
    BusFault_Handler                         0x0000010b   Thumb Code     2  startup.o(RESET)
    UsageFault_Handler                       0x0000010d   Thumb Code     2  startup.o(RESET)
    SVC_Handler                              0x0000010f   Thumb Code     2  startup.o(RESET)
    DebugMon_Handler                         0x00000111   Thumb Code     2  startup.o(RESET)
    PendSV_Handler                           0x00000113   Thumb Code     2  startup.o(RESET)
    SysTick_Handler                          0x00000115   Thumb Code     2  startup.o(RESET)
    ADC0_Handler                             0x00000117   Thumb Code     0  startup.o(RESET)
    ADC1_Handler                             0x00000117   Thumb Code     0  startup.o(RESET)
    ADC2_Handler                             0x00000117   Thumb Code     0  startup.o(RESET)
    ADC3_Handler                             0x00000117   Thumb Code     0  startup.o(RESET)
    CAN0_Handler                             0x00000117   Thumb Code     0  startup.o(RESET)
    CAN1_Handler                             0x00000117   Thumb Code     0  startup.o(RESET)
    CAN2_Handler                             0x00000117   Thumb Code     0  startup.o(RESET)
    Comp0_Handler                            0x00000117   Thumb Code     0  startup.o(RESET)
    Comp1_Handler                            0x00000117   Thumb Code     0  startup.o(RESET)
    Comp2_Handler                            0x00000117   Thumb Code     0  startup.o(RESET)
    Ethernet_Handler                         0x00000117   Thumb Code     0  startup.o(RESET)
    FlashCtl_Handler                         0x00000117   Thumb Code     0  startup.o(RESET)
    GPIOPortA_Handler                        0x00000117   Thumb Code     0  startup.o(RESET)
    GPIOPortB_Handler                        0x00000117   Thumb Code     0  startup.o(RESET)
    GPIOPortC_Handler                        0x00000117   Thumb Code     0  startup.o(RESET)
    GPIOPortD_Handler                        0x00000117   Thumb Code     0  startup.o(RESET)
    GPIOPortE_Handler                        0x00000117   Thumb Code     0  startup.o(RESET)
    GPIOPortF_Handler                        0x00000117   Thumb Code     0  startup.o(RESET)
    GPIOPortG_Handler                        0x00000117   Thumb Code     0  startup.o(RESET)
    GPIOPortH_Handler                        0x00000117   Thumb Code     0  startup.o(RESET)
    Hibernate_Handler                        0x00000117   Thumb Code     0  startup.o(RESET)
    I2C0_Handler                             0x00000117   Thumb Code     0  startup.o(RESET)
    I2C1_Handler                             0x00000117   Thumb Code     0  startup.o(RESET)
    PWM0_Handler                             0x00000117   Thumb Code     0  startup.o(RESET)
    PWM1_Handler                             0x00000117   Thumb Code     0  startup.o(RESET)
    PWM2_Handler                             0x00000117   Thumb Code     0  startup.o(RESET)
    PWM3_Handler                             0x00000117   Thumb Code     0  startup.o(RESET)
    PWMFault_Handler                         0x00000117   Thumb Code     0  startup.o(RESET)
    Quadrature0_Handler                      0x00000117   Thumb Code     0  startup.o(RESET)
    Quadrature1_Handler                      0x00000117   Thumb Code     0  startup.o(RESET)
    SSI0_Handler                             0x00000117   Thumb Code     0  startup.o(RESET)
    SSI1_Handler                             0x00000117   Thumb Code     0  startup.o(RESET)
    SysCtl_Handler                           0x00000117   Thumb Code     0  startup.o(RESET)
    Timer0A_Handler                          0x00000117   Thumb Code     0  startup.o(RESET)
    Timer0B_Handler                          0x00000117   Thumb Code     0  startup.o(RESET)
    Timer1A_Handler                          0x00000117   Thumb Code     0  startup.o(RESET)
    Timer1B_Handler                          0x00000117   Thumb Code     0  startup.o(RESET)
    Timer2A_Handler                          0x00000117   Thumb Code     0  startup.o(RESET)
    Timer2B_Handler                          0x00000117   Thumb Code     0  startup.o(RESET)
    Timer3A_Handler                          0x00000117   Thumb Code     0  startup.o(RESET)
    Timer3B_Handler                          0x00000117   Thumb Code     0  startup.o(RESET)
    UART0_Handler                            0x00000117   Thumb Code     0  startup.o(RESET)
    UART1_Handler                            0x00000117   Thumb Code     0  startup.o(RESET)
    UART2_Handler                            0x00000117   Thumb Code     0  startup.o(RESET)
    USB0_Handler                             0x00000117   Thumb Code     0  startup.o(RESET)
    WDT_Handler                              0x00000117   Thumb Code     0  startup.o(RESET)
    uDMA_Error                               0x00000117   Thumb Code     0  startup.o(RESET)
    uDMA_Handler                             0x00000117   Thumb Code     0  startup.o(RESET)
    __main                                   0x00000119   Thumb Code     0  entry.o(.ARM.Collect$$$$00000000)
    _main_stk                                0x00000119   Thumb Code     0  entry2.o(.ARM.Collect$$$$00000001)
    _main_scatterload                        0x0000011d   Thumb Code     0  entry5.o(.ARM.Collect$$$$00000004)
    __main_after_scatterload                 0x00000121   Thumb Code     0  entry5.o(.ARM.Collect$$$$00000004)
    _main_clock                              0x00000121   Thumb Code     0  entry7b.o(.ARM.Collect$$$$00000008)
    _main_cpp_init                           0x00000121   Thumb Code     0  entry8b.o(.ARM.Collect$$$$0000000A)
    _main_init                               0x00000121   Thumb Code     0  entry9a.o(.ARM.Collect$$$$0000000B)
    __rt_final_cpp                           0x00000129   Thumb Code     0  entry10a.o(.ARM.Collect$$$$0000000D)
    __rt_final_exit                          0x00000129   Thumb Code     0  entry11a.o(.ARM.Collect$$$$0000000F)
    PortF_Init                               0x0000012d   Thumb Code   106  tm4c_slave_spi.o(.text)
    Port_Init                                0x00000197   Thumb Code   178  tm4c_slave_spi.o(.text)
    Port_In                                  0x00000249   Thumb Code    20  tm4c_slave_spi.o(.text)
    main                                     0x0000025d   Thumb Code    52  tm4c_slave_spi.o(.text)
    __scatterload                            0x000002d1   Thumb Code    28  init.o(.text)
    __scatterload_rt2                        0x000002d1   Thumb Code     0  init.o(.text)
    __scatterload_copy                       0x000002f5   Thumb Code    14  handlers.o(i.__scatterload_copy)
    __scatterload_null                       0x00000303   Thumb Code     2  handlers.o(i.__scatterload_null)
    __scatterload_zeroinit                   0x00000305   Thumb Code    14  handlers.o(i.__scatterload_zeroinit)
    Region$$Table$$Base                      0x00000314   Number         0  anon$$obj.o(Region$$Table)
    Region$$Table$$Limit                     0x00000324   Number         0  anon$$obj.o(Region$$Table)
    __initial_sp                             0x20000400   Data           0  startup.o(STACK)



==============================================================================

Memory Map of the image

  Image Entry point : 0x00000101

  Load Region LR_1 (Base: 0x00000000, Size: 0x00000324, Max: 0xffffffff, ABSOLUTE)

    Execution Region ER_RO (Base: 0x00000000, Size: 0x00000324, Max: 0xffffffff, ABSOLUTE)

    Base Addr    Size         Type   Attr      Idx    E Section Name        Object

    0x00000000   0x00000118   Code   RO            3  * RESET               startup.o
    0x00000118   0x00000000   Code   RO           25  * .ARM.Collect$$$$00000000  mc_w.l(entry.o)
    0x00000118   0x00000004   Code   RO           28    .ARM.Collect$$$$00000001  mc_w.l(entry2.o)
    0x0000011c   0x00000004   Code   RO           31    .ARM.Collect$$$$00000004  mc_w.l(entry5.o)
    0x00000120   0x00000000   Code   RO           33    .ARM.Collect$$$$00000008  mc_w.l(entry7b.o)
    0x00000120   0x00000000   Code   RO           35    .ARM.Collect$$$$0000000A  mc_w.l(entry8b.o)
    0x00000120   0x00000008   Code   RO           36    .ARM.Collect$$$$0000000B  mc_w.l(entry9a.o)
    0x00000128   0x00000000   Code   RO           38    .ARM.Collect$$$$0000000D  mc_w.l(entry10a.o)
    0x00000128   0x00000000   Code   RO           40    .ARM.Collect$$$$0000000F  mc_w.l(entry11a.o)
    0x00000128   0x00000004   Code   RO           29    .ARM.Collect$$$$00002712  mc_w.l(entry2.o)
    0x0000012c   0x000001a4   Code   RO           12    .text               tm4c_slave_spi.o
    0x000002d0   0x00000024   Code   RO           42    .text               mc_w.l(init.o)
    0x000002f4   0x0000000e   Code   RO           46    i.__scatterload_copy  mc_w.l(handlers.o)
    0x00000302   0x00000002   Code   RO           47    i.__scatterload_null  mc_w.l(handlers.o)
    0x00000304   0x0000000e   Code   RO           48    i.__scatterload_zeroinit  mc_w.l(handlers.o)
    0x00000312   0x00000002   PAD
    0x00000314   0x00000010   Data   RO           44    Region$$Table       anon$$obj.o


    Execution Region ER_RW (Base: 0x20000000, Size: 0x00000000, Max: 0xffffffff, ABSOLUTE)

    **** No section assigned to this execution region ****


    Execution Region ER_ZI (Base: 0x20000000, Size: 0x00000400, Max: 0xffffffff, ABSOLUTE)

    Base Addr    Size         Type   Attr      Idx    E Section Name        Object

    0x20000000   0x00000400   Zero   RW            1    STACK               startup.o


==============================================================================

Image component sizes


      Code (inc. data)   RO Data    RW Data    ZI Data      Debug   Object Name

       280        256          0          0       1024        684   startup.o
       420         64          0          0          0       2480   tm4c_slave_spi.o

    ----------------------------------------------------------------------
       700        320         16          0       1024       3164   Object Totals
         0          0         16          0          0          0   (incl. Generated)
         0          0          0          0          0          0   (incl. Padding)

    ----------------------------------------------------------------------

      Code (inc. data)   RO Data    RW Data    ZI Data      Debug   Library Member Name

         0          0          0          0          0          0   entry.o
         0          0          0          0          0          0   entry10a.o
         0          0          0          0          0          0   entry11a.o
         8          4          0          0          0          0   entry2.o
         4          0          0          0          0          0   entry5.o
         0          0          0          0          0          0   entry7b.o
         0          0          0          0          0          0   entry8b.o
         8          4          0          0          0          0   entry9a.o
        30          0          0          0          0          0   handlers.o
        36          8          0          0          0         68   init.o

    ----------------------------------------------------------------------
        88         16          0          0          0         68   Library Totals
         2          0          0          0          0          0   (incl. Padding)

    ----------------------------------------------------------------------

      Code (inc. data)   RO Data    RW Data    ZI Data      Debug   Library Name

        86         16          0          0          0         68   mc_w.l

    ----------------------------------------------------------------------
        88         16          0          0          0         68   Library Totals

    ----------------------------------------------------------------------

==============================================================================


      Code (inc. data)   RO Data    RW Data    ZI Data      Debug   

       788        336         16          0       1024       3180   Grand Totals
       788        336         16          0       1024       3180   ELF Image Totals
       788        336         16          0          0          0   ROM Totals

==============================================================================

    Total RO  Size (Code + RO Data)                  804 (   0.79kB)
    Total RW  Size (RW Data + ZI Data)              1024 (   1.00kB)
    Total ROM Size (Code + RO Data + RW Data)        804 (   0.79kB)

==============================================================================

